Windows PowerShell
(C) Корпорация Майкрософт (Microsoft Corporation). Все права защищены.

PS C:\Temp\GitTest> git init
Initialized empty Git repository in C:/Temp/GitTest/.git/
PS C:\Temp\GitTest> git ad --all
git: 'ad' is not a git command. See 'git --help'.

The most similar commands are
        add
        am
PS C:\Temp\GitTest> git commit -m "add commit"
On branch master

Initial commit

Untracked files:
  (use "git add <file>..." to include in what will be committed)
        README.md

nothing added to commit but untracked files present (use "git add" to track)
PS C:\Temp\GitTest> git add --all
PS C:\Temp\GitTest> git status
On branch master

No commits yet

Changes to be committed:
  (use "git rm --cached <file>..." to unstage)
        new file:   README.md

PS C:\Temp\GitTest> git commit -m "add commit"
[master (root-commit) eb170cf] add commit
 Committer: Розанов Алексей <rozanov_aa@nnsi.ru>
Your name and email address were configured automatically based
on your username and hostname. Please check that they are accurate.
You can suppress this message by setting them explicitly:

    git config --global user.name "Your Name"
    git config --global user.email you@example.com

After doing this, you may fix the identity used for this commit with:

    git commit --amend --reset-author

 1 file changed, 6 insertions(+)
 create mode 100644 README.md
PS C:\Temp\GitTest> git remote add origin https://github.com/apklxs/remote-test-2.git
PS C:\Temp\GitTest> git remote show origin
* remote origin
  Fetch URL: https://github.com/apklxs/remote-test-2.git
  Push  URL: https://github.com/apklxs/remote-test-2.git
  HEAD branch: main
  Remote branches:
    24-issue new (next fetch will store in remotes/origin)
    main     new (next fetch will store in remotes/origin)
PS C:\Temp\GitTest> git push
fatal: The current branch master has no upstream branch.
To push the current branch and set the remote as upstream, use

    git push --set-upstream origin master

PS C:\Temp\GitTest> git push -u origin master
Enumerating objects: 3, done.
Counting objects: 100% (3/3), done.
Delta compression using up to 4 threads
Compressing objects: 100% (2/2), done.
Writing objects: 100% (3/3), 687 bytes | 687.00 KiB/s, done.
Total 3 (delta 0), reused 0 (delta 0), pack-reused 0
remote:
remote: Create a pull request for 'master' on GitHub by visiting:
remote:      https://github.com/apklxs/remote-test-2/pull/new/master
remote:
To https://github.com/apklxs/remote-test-2.git
 * [new branch]      master -> master
branch 'master' set up to track 'origin/master'.
PS C:\Temp\GitTest>
PS C:\Temp\GitTest> git status
On branch master
Your branch is up to date with 'origin/master'.

nothing to commit, working tree clean
PS C:\Temp\GitTest> git log
commit eb170cf2f237195a19837abe94a7d844e77d7ef0 (HEAD -> master, origin/master)
Author: Розанов Алексей <rozanov_aa@nnsi.ru>
Date:   Thu Jul 6 15:44:16 2023 +0300

    add commit
PS C:\Temp\GitTest> git push -u origin master
Everything up-to-date
branch 'master' set up to track 'origin/master'.
PS C:\Temp\GitTest> git remote show origin
* remote origin
  Fetch URL: https://github.com/apklxs/remote-test-2.git
  Push  URL: https://github.com/apklxs/remote-test-2.git
  HEAD branch: main
  Remote branches:
    24-issue new (next fetch will store in remotes/origin)
    main     new (next fetch will store in remotes/origin)
    master   tracked
  Local branch configured for 'git pull':
    master merges with remote master
  Local ref configured for 'git push':
    master pushes to master (up to date)
PS C:\Temp\GitTest> git push
Everything up-to-date
PS C:\Temp\GitTest> git log
commit eb170cf2f237195a19837abe94a7d844e77d7ef0 (HEAD -> master, origin/master)
Author: Розанов Алексей <rozanov_aa@nnsi.ru>
Date:   Thu Jul 6 15:44:16 2023 +0300

    add commit
PS C:\Temp\GitTest> git branch -m main master
fatal: a branch named 'master' already exists
PS C:\Temp\GitTest> git branch
* master
PS C:\Temp\GitTest> git push origin main
error: src refspec main does not match any
error: failed to push some refs to 'https://github.com/apklxs/remote-test-2.git'
PS C:\Temp\GitTest> git pull
remote: Enumerating objects: 15, done.
remote: Counting objects: 100% (15/15), done.
remote: Compressing objects: 100% (6/6), done.
remote: Total 15 (delta 0), reused 6 (delta 0), pack-reused 0
Unpacking objects: 100% (15/15), 3.06 KiB | 20.00 KiB/s, done.
From https://github.com/apklxs/remote-test-2
 * [new branch]      24-issue   -> origin/24-issue
 * [new branch]      main       -> origin/main
Already up to date.
PS C:\Temp\GitTest> git merge origin
merge: origin - not something we can merge
PS C:\Temp\GitTest> git remote -v
origin  https://github.com/apklxs/remote-test-2.git (fetch)
origin  https://github.com/apklxs/remote-test-2.git (push)
PS C:\Temp\GitTest> git push -u origin main
error: src refspec main does not match any
error: failed to push some refs to 'https://github.com/apklxs/remote-test-2.git'
PS C:\Temp\GitTest> git fetch --all
Fetching origin
PS C:\Temp\GitTest> git log
commit eb170cf2f237195a19837abe94a7d844e77d7ef0 (HEAD -> master, origin/master)
Author: Розанов Алексей <rozanov_aa@nnsi.ru>
Date:   Thu Jul 6 15:44:16 2023 +0300

    add commit
PS C:\Temp\GitTest> git merge origin/main
fatal: refusing to merge unrelated histories
PS C:\Temp\GitTest> git merge origin/master
Already up to date.
PS C:\Temp\GitTest> git push
Everything up-to-date
PS C:\Temp\GitTest> git add --all
PS C:\Temp\GitTest> git commit -m "2 commit"
[master 57a72b8] 2 commit
 Committer: Розанов Алексей <rozanov_aa@nnsi.ru>
Your name and email address were configured automatically based
on your username and hostname. Please check that they are accurate.
You can suppress this message by setting them explicitly:

    git config --global user.name "Your Name"
    git config --global user.email you@example.com

After doing this, you may fix the identity used for this commit with:

    git commit --amend --reset-author

 1 file changed, 2 insertions(+)
PS C:\Temp\GitTest> git log
commit 57a72b8069f542c350612034363e13096c5515d4 (HEAD -> master)
Author: Розанов Алексей <rozanov_aa@nnsi.ru>
Date:   Thu Jul 6 16:14:38 2023 +0300

    2 commit

commit eb170cf2f237195a19837abe94a7d844e77d7ef0 (origin/master)
Author: Розанов Алексей <rozanov_aa@nnsi.ru>
Date:   Thu Jul 6 15:44:16 2023 +0300

    add commit
PS C:\Temp\GitTest> git merge origin/main
fatal: refusing to merge unrelated histories
PS C:\Temp\GitTest> git merge origin/master
Already up to date.
PS C:\Temp\GitTest> git push
Enumerating objects: 5, done.
Counting objects: 100% (5/5), done.
Delta compression using up to 4 threads
Compressing objects: 100% (2/2), done.
Writing objects: 100% (3/3), 301 bytes | 301.00 KiB/s, done.
Total 3 (delta 1), reused 0 (delta 0), pack-reused 0
remote: Resolving deltas: 100% (1/1), completed with 1 local object.
To https://github.com/apklxs/remote-test-2.git
   eb170cf..57a72b8  master -> master
PS C:\Temp\GitTest> git merge origin/master
Already up to date.
PS C:\Temp\GitTest>